Copyright 1986-2022 Xilinx, Inc. All Rights Reserved. Copyright 2022-2025 Advanced Micro Devices, Inc. All Rights Reserved.
---------------------------------------------------------------------------------------------------------------------------------------------
| Tool Version : Vivado v.2025.2 (win64) Build 6299465 Fri Nov 14 19:35:11 GMT 2025
| Date         : Sat Sep 26 16:14:19 2026
| Host         : mat running 64-bit major release  (build 9200)
| Command      : report_timing_summary -file C:/Users/matut/FULL_AI/5XPG0/code/snn_keyword/build/vivado_engine/proj/timing_summary.rpt
| Design       : spike_top
| Device       : 7z020-clg400
| Speed File   : -1  PRODUCTION 1.12 2019-11-22
| Design State : Routed
---------------------------------------------------------------------------------------------------------------------------------------------

Timing Summary Report

------------------------------------------------------------------------------------------------
| Timer Settings
| --------------
------------------------------------------------------------------------------------------------

  Enable Multi Corner Analysis               :  Yes
  Enable Pessimism Removal                   :  Yes
  Pessimism Removal Resolution               :  Nearest Common Node
  Enable Input Delay Default Clock           :  No
  Enable Preset / Clear Arcs                 :  No
  Disable Flight Delays                      :  No
  Ignore I/O Paths                           :  No
  Timing Early Launch at Borrowing Latches   :  No
  Borrow Time for Max Delay Exceptions       :  Yes
  Merge Timing Exceptions                    :  Yes
  Inter-SLR Compensation                     :  Conservative

  Corner  Analyze    Analyze    
  Name    Max Paths  Min Paths  
  ------  ---------  ---------  
  Slow    Yes        Yes        
  Fast    Yes        Yes        


------------------------------------------------------------------------------------------------
| Report Methodology
| ------------------
------------------------------------------------------------------------------------------------

Rule       Severity  Description                                 Violations  
---------  --------  ------------------------------------------  ----------  
SYNTH-6    Warning   Timing of a RAM block might be sub-optimal  50          
SYNTH-10   Warning   Wide multiplier                             8           
SYNTH-15   Warning   Byte wide write enable not inferred         64          
TIMING-18  Warning   Missing input or output delay               10          

Note: This report is based on the most recent report_methodology run and may not be up-to-date. Run report_methodology on the current design for the latest report.



check_timing report

Table of Contents
-----------------
1. checking no_clock (0)
2. checking constant_clock (0)
3. checking pulse_width_clock (0)
4. checking unconstrained_internal_endpoints (0)
5. checking no_input_delay (0)
6. checking no_output_delay (10)
7. checking multiple_clock (0)
8. checking generated_clocks (0)
9. checking loops (0)
10. checking partial_input_delay (0)
11. checking partial_output_delay (0)
12. checking latch_loops (0)

1. checking no_clock (0)
------------------------
 There are 0 register/latch pins with no clock.


2. checking constant_clock (0)
------------------------------
 There are 0 register/latch pins with constant_clock.


3. checking pulse_width_clock (0)
---------------------------------
 There are 0 register/latch pins which need pulse_width check


4. checking unconstrained_internal_endpoints (0)
------------------------------------------------
 There are 0 pins that are not constrained for maximum delay.

 There are 0 pins that are not constrained for maximum delay due to constant clock.


5. checking no_input_delay (0)
------------------------------
 There are 0 input ports with no input delay specified.

 There are 0 input ports with no input delay but user has a false path constraint.


6. checking no_output_delay (10)
--------------------------------
 There are 10 ports with no output delay specified. (HIGH)

 There are 0 ports with no output delay but user has a false path constraint

 There are 0 ports with no output delay but with a timing clock defined on it or propagating through it


7. checking multiple_clock (0)
------------------------------
 There are 0 register/latch pins with multiple clocks.


8. checking generated_clocks (0)
--------------------------------
 There are 0 generated clocks that are not connected to a clock source.


9. checking loops (0)
---------------------
 There are 0 combinational loops in the design.


10. checking partial_input_delay (0)
------------------------------------
 There are 0 input ports with partial input delay specified.


11. checking partial_output_delay (0)
-------------------------------------
 There are 0 ports with partial output delay specified.


12. checking latch_loops (0)
----------------------------
 There are 0 combinational latch loops in the design through latch input



------------------------------------------------------------------------------------------------
| Design Timing Summary
| ---------------------
------------------------------------------------------------------------------------------------

    WNS(ns)      TNS(ns)  TNS Failing Endpoints  TNS Total Endpoints      WHS(ns)      THS(ns)  THS Failing Endpoints  THS Total Endpoints     WPWS(ns)     TPWS(ns)  TPWS Failing Endpoints  TPWS Total Endpoints  
    -------      -------  ---------------------  -------------------      -------      -------  ---------------------  -------------------     --------     --------  ----------------------  --------------------  
      0.293        0.000                      0                20426        0.035        0.000                      0                20426        3.750        0.000                       0                  7153  


All user specified timing constraints are met.


------------------------------------------------------------------------------------------------
| Clock Summary
| -------------
------------------------------------------------------------------------------------------------

Clock       Waveform(ns)       Period(ns)      Frequency(MHz)
-----       ------------       ----------      --------------
clk_fpga_0  {0.000 5.000}      10.000          100.000         


------------------------------------------------------------------------------------------------
| Intra Clock Table
| -----------------
------------------------------------------------------------------------------------------------

Clock             WNS(ns)      TNS(ns)  TNS Failing Endpoints  TNS Total Endpoints      WHS(ns)      THS(ns)  THS Failing Endpoints  THS Total Endpoints     WPWS(ns)     TPWS(ns)  TPWS Failing Endpoints  TPWS Total Endpoints  
-----             -------      -------  ---------------------  -------------------      -------      -------  ---------------------  -------------------     --------     --------  ----------------------  --------------------  
clk_fpga_0          0.293        0.000                      0                20426        0.035        0.000                      0                20426        3.750        0.000                       0                  7153  


------------------------------------------------------------------------------------------------
| Inter Clock Table
| -----------------
------------------------------------------------------------------------------------------------

From Clock    To Clock          WNS(ns)      TNS(ns)  TNS Failing Endpoints  TNS Total Endpoints      WHS(ns)      THS(ns)  THS Failing Endpoints  THS Total Endpoints  
----------    --------          -------      -------  ---------------------  -------------------      -------      -------  ---------------------  -------------------  


------------------------------------------------------------------------------------------------
| Other Path Groups Table
| -----------------------
------------------------------------------------------------------------------------------------

Path Group    From Clock    To Clock          WNS(ns)      TNS(ns)  TNS Failing Endpoints  TNS Total Endpoints      WHS(ns)      THS(ns)  THS Failing Endpoints  THS Total Endpoints  
----------    ----------    --------          -------      -------  ---------------------  -------------------      -------      -------  ---------------------  -------------------  


------------------------------------------------------------------------------------------------
| Timing Details
| --------------
------------------------------------------------------------------------------------------------


---------------------------------------------------------------------------------------------------
From Clock:  clk_fpga_0
  To Clock:  clk_fpga_0

Setup :            0  Failing Endpoints,  Worst Slack        0.293ns,  Total Violation        0.000ns
Hold  :            0  Failing Endpoints,  Worst Slack        0.035ns,  Total Violation        0.000ns
PW    :            0  Failing Endpoints,  Worst Slack        3.750ns,  Total Violation        0.000ns
---------------------------------------------------------------------------------------------------


Max Delay Paths
--------------------------------------------------------------------------------------
Slack (MET) :             0.293ns  (required time - arrival time)
  Source:                 u_soc/u_engine/acc_reg[56][10]/C
                            (rising edge-triggered cell FDRE clocked by clk_fpga_0  {rise@0.000ns fall@5.000ns period=10.000ns})
  Destination:            u_soc/u_engine/acc_reg[52][17]/D
                            (rising edge-triggered cell FDRE clocked by clk_fpga_0  {rise@0.000ns fall@5.000ns period=10.000ns})
  Path Group:             clk_fpga_0
  Path Type:              Setup (Max at Slow Process Corner)
  Requirement:            10.000ns  (clk_fpga_0 rise@10.000ns - clk_fpga_0 rise@0.000ns)
  Data Path Delay:        9.498ns  (logic 2.922ns (30.766%)  route 6.576ns (69.234%))
  Logic Levels:           11  (CARRY4=3 LUT3=1 LUT5=1 LUT6=4 MUXF7=1 MUXF8=1)
  Clock Path Skew:        -0.136ns (DCD - SCD + CPR)
    Destination Clock Delay (DCD):    2.645ns = ( 12.645 - 10.000 ) 
    Source Clock Delay      (SCD):    3.010ns
    Clock Pessimism Removal (CPR):    0.229ns
  Clock Uncertainty:      0.154ns  ((TSJ^2 + TIJ^2)^1/2 + DJ) / 2 + PE
    Total System Jitter     (TSJ):    0.071ns
    Total Input Jitter      (TIJ):    0.300ns
    Discrete Jitter          (DJ):    0.000ns
    Phase Error              (PE):    0.000ns

    Location             Delay type                Incr(ns)  Path(ns)    Netlist Resource(s)
  -------------------------------------------------------------------    -------------------
                         (clock clk_fpga_0 rise edge)
                                                      0.000     0.000 r  
    PS7_X0Y0             PS7                          0.000     0.000 r  u_bd/ps_bd_i/ps7/inst/PS7_i/FCLKCLK[0]
                         net (fo=1, routed)           1.193     1.193    u_bd/ps_bd_i/ps7/inst/FCLK_CLK_unbuffered[0]
    BUFGCTRL_X0Y16       BUFG (Prop_bufg_I_O)         0.101     1.294 r  u_bd/ps_bd_i/ps7/inst/buffer_fclk_clk_0.FCLK_CLK_0_BUFG/O
                         net (fo=7158, routed)        1.716     3.010    u_soc/u_engine/FCLK_CLK0
    SLICE_X85Y86         FDRE                                         r  u_soc/u_engine/acc_reg[56][10]/C
  -------------------------------------------------------------------    -------------------
    SLICE_X85Y86         FDRE (Prop_fdre_C_Q)         0.456     3.466 r  u_soc/u_engine/acc_reg[56][10]/Q
                         net (fo=4, routed)           1.792     5.258    u_soc/u_engine/acc_reg_n_0_[56][10]
    SLICE_X59Y76         LUT6 (Prop_lut6_I5_O)        0.124     5.382 r  u_soc/u_engine/acc[10][11]_i_107/O
                         net (fo=1, routed)           0.000     5.382    u_soc/u_engine/acc[10][11]_i_107_n_0
    SLICE_X59Y76         MUXF7 (Prop_muxf7_I0_O)      0.212     5.594 r  u_soc/u_engine/acc_reg[10][11]_i_50/O
                         net (fo=1, routed)           0.000     5.594    u_soc/u_engine/acc_reg[10][11]_i_50_n_0
    SLICE_X59Y76         MUXF8 (Prop_muxf8_I1_O)      0.094     5.688 r  u_soc/u_engine/acc_reg[10][11]_i_21/O
                         net (fo=1, routed)           1.056     6.744    u_soc/u_engine/acc_reg[10][11]_i_21_n_0
    SLICE_X54Y74         LUT6 (Prop_lut6_I0_O)        0.316     7.060 r  u_soc/u_engine/acc[10][11]_i_12/O
                         net (fo=3, routed)           1.048     8.108    u_soc/u_engine/acc[10][11]_i_12_n_0
    SLICE_X53Y72         LUT5 (Prop_lut5_I4_O)        0.124     8.232 r  u_soc/u_engine/acc[10][11]_i_7/O
                         net (fo=1, routed)           0.000     8.232    u_soc/u_engine/acc[10][11]_i_7_n_0
    SLICE_X53Y72         CARRY4 (Prop_carry4_S[3]_CO[3])
                                                      0.401     8.633 r  u_soc/u_engine/acc_reg[10][11]_i_2/CO[3]
                         net (fo=1, routed)           0.000     8.633    u_soc/u_engine/acc_reg[10][11]_i_2_n_0
    SLICE_X53Y73         CARRY4 (Prop_carry4_CI_CO[3])
                                                      0.114     8.747 r  u_soc/u_engine/acc_reg[10][15]_i_2/CO[3]
                         net (fo=1, routed)           0.000     8.747    u_soc/u_engine/acc_reg[10][15]_i_2_n_0
    SLICE_X53Y74         CARRY4 (Prop_carry4_CI_O[1])
                                                      0.334     9.081 r  u_soc/u_engine/acc_reg[10][17]_i_4/O[1]
                         net (fo=196, routed)         1.558    10.639    u_soc/u_engine/acc_reg[10][17]_i_4_n_6
    SLICE_X50Y94         LUT3 (Prop_lut3_I0_O)        0.295    10.934 r  u_soc/u_engine/acc[52][17]_i_4/O
                         net (fo=2, routed)           0.484    11.417    u_soc/u_engine/acc[1367]
    SLICE_X50Y94         LUT6 (Prop_lut6_I0_O)        0.328    11.745 r  u_soc/u_engine/acc[52][17]_i_3/O
                         net (fo=1, routed)           0.638    12.384    u_soc/u_engine/acc[52][17]_i_3_n_0
    SLICE_X50Y94         LUT6 (Prop_lut6_I2_O)        0.124    12.508 r  u_soc/u_engine/acc[52][17]_i_1/O
                         net (fo=1, routed)           0.000    12.508    u_soc/u_engine/acc[52][17]_i_1_n_0
    SLICE_X50Y94         FDRE                                         r  u_soc/u_engine/acc_reg[52][17]/D
  -------------------------------------------------------------------    -------------------

                         (clock clk_fpga_0 rise edge)
                                                     10.000    10.000 r  
    PS7_X0Y0             PS7                          0.000    10.000 r  u_bd/ps_bd_i/ps7/inst/PS7_i/FCLKCLK[0]
                         net (fo=1, routed)           1.088    11.088    u_bd/ps_bd_i/ps7/inst/FCLK_CLK_unbuffered[0]
    BUFGCTRL_X0Y16       BUFG (Prop_bufg_I_O)         0.091    11.179 r  u_bd/ps_bd_i/ps7/inst/buffer_fclk_clk_0.FCLK_CLK_0_BUFG/O
                         net (fo=7158, routed)        1.466    12.645    u_soc/u_engine/FCLK_CLK0
    SLICE_X50Y94         FDRE                                         r  u_soc/u_engine/acc_reg[52][17]/C
                         clock pessimism              0.229    12.874    
                         clock uncertainty           -0.154    12.720    
    SLICE_X50Y94         FDRE (Setup_fdre_C_D)        0.081    12.801    u_soc/u_engine/acc_reg[52][17]
  -------------------------------------------------------------------
                         required time                         12.801    
                         arrival time                         -12.508    
  -------------------------------------------------------------------
                         slack                                  0.293    





Min Delay Paths
--------------------------------------------------------------------------------------
Slack (MET) :             0.035ns  (arrival time - required time)
  Source:                 u_soc/u_engine/o_reg[2][3]/C
                            (rising edge-triggered cell FDRE clocked by clk_fpga_0  {rise@0.000ns fall@5.000ns period=10.000ns})
  Destination:            u_soc/u_engine/vo_reg[2][3]/D
                            (rising edge-triggered cell FDRE clocked by clk_fpga_0  {rise@0.000ns fall@5.000ns period=10.000ns})
  Path Group:             clk_fpga_0
  Path Type:              Hold (Min at Fast Process Corner)
  Requirement:            0.000ns  (clk_fpga_0 rise@0.000ns - clk_fpga_0 rise@0.000ns)
  Data Path Delay:        0.367ns  (logic 0.141ns (38.415%)  route 0.226ns (61.585%))
  Logic Levels:           0  
  Clock Path Skew:        0.266ns (DCD - SCD - CPR)
    Destination Clock Delay (DCD):    1.185ns
    Source Clock Delay      (SCD):    0.884ns
    Clock Pessimism Removal (CPR):    0.035ns

    Location             Delay type                Incr(ns)  Path(ns)    Netlist Resource(s)
  -------------------------------------------------------------------    -------------------
                         (clock clk_fpga_0 rise edge)
                                                      0.000     0.000 r  
    PS7_X0Y0             PS7                          0.000     0.000 r  u_bd/ps_bd_i/ps7/inst/PS7_i/FCLKCLK[0]
                         net (fo=1, routed)           0.310     0.310    u_bd/ps_bd_i/ps7/inst/FCLK_CLK_unbuffered[0]
    BUFGCTRL_X0Y16       BUFG (Prop_bufg_I_O)         0.026     0.336 r  u_bd/ps_bd_i/ps7/inst/buffer_fclk_clk_0.FCLK_CLK_0_BUFG/O
                         net (fo=7158, routed)        0.548     0.884    u_soc/u_engine/FCLK_CLK0
    SLICE_X51Y22         FDRE                                         r  u_soc/u_engine/o_reg[2][3]/C
  -------------------------------------------------------------------    -------------------
    SLICE_X51Y22         FDRE (Prop_fdre_C_Q)         0.141     1.025 r  u_soc/u_engine/o_reg[2][3]/Q
                         net (fo=5, routed)           0.226     1.251    u_soc/u_engine/o_reg[2]_24[3]
    SLICE_X49Y19         FDRE                                         r  u_soc/u_engine/vo_reg[2][3]/D
  -------------------------------------------------------------------    -------------------

                         (clock clk_fpga_0 rise edge)
                                                      0.000     0.000 r  
    PS7_X0Y0             PS7                          0.000     0.000 r  u_bd/ps_bd_i/ps7/inst/PS7_i/FCLKCLK[0]
                         net (fo=1, routed)           0.337     0.337    u_bd/ps_bd_i/ps7/inst/FCLK_CLK_unbuffered[0]
    BUFGCTRL_X0Y16       BUFG (Prop_bufg_I_O)         0.029     0.366 r  u_bd/ps_bd_i/ps7/inst/buffer_fclk_clk_0.FCLK_CLK_0_BUFG/O
                         net (fo=7158, routed)        0.819     1.185    u_soc/u_engine/FCLK_CLK0
    SLICE_X49Y19         FDRE                                         r  u_soc/u_engine/vo_reg[2][3]/C
                         clock pessimism             -0.035     1.150    
    SLICE_X49Y19         FDRE (Hold_fdre_C_D)         0.066     1.216    u_soc/u_engine/vo_reg[2][3]
  -------------------------------------------------------------------
                         required time                         -1.216    
                         arrival time                           1.251    
  -------------------------------------------------------------------
                         slack                                  0.035    





Pulse Width Checks
--------------------------------------------------------------------------------------
Clock Name:         clk_fpga_0
Waveform(ns):       { 0.000 5.000 }
Period(ns):         10.000
Sources:            { u_bd/ps_bd_i/ps7/inst/PS7_i/FCLKCLK[0] }

Check Type        Corner  Lib Pin      Reference Pin  Required(ns)  Actual(ns)  Slack(ns)  Location      Pin
Min Period        n/a     DSP48E1/CLK  n/a            3.884         10.000      6.116      DSP48_X0Y5    u_soc/u_cpu/pcpi_mul/rd_reg/CLK
Low Pulse Width   Slow    RAMD32/CLK   n/a            1.250         5.000       3.750      SLICE_X16Y10  u_soc/u_cpu/cpuregs_reg_r1_0_31_0_5/RAMA/CLK
High Pulse Width  Slow    RAMD32/CLK   n/a            1.250         5.000       3.750      SLICE_X16Y10  u_soc/u_cpu/cpuregs_reg_r1_0_31_0_5/RAMA/CLK



